// Vitest Snapshot v1, https://vitest.dev/guide/snapshot.html

exports[`Server > POST / > should handle an invite command interaction 1`] = `"https://discord.com/oauth2/authorize?client_id=1250200555113025737"`;
